// Jest Snapshot v1, https://goo.gl/fbAQLP

exports[`ActionsMenu renders the unauthenticated actions menu 1`] = `
<div
  className="actions"
>
  <form
    className="search"
    onSubmit={[Function]}
  >
    <label
      htmlFor="search"
    >
      Search
    </label>
    <input
      defaultValue="test"
      name="search"
      placeholder="Search"
      type="search"
    />
    <input
      type="submit"
      value="Search"
    />
  </form>
</div>
`;
