// Jest Snapshot v1, https://goo.gl/fbAQLP

exports[`ActionsMenu renders the actions menu 1`] = `
<div
  className="actions"
>
  <button
    className="action logout"
    onClick={[Function]}
    type="button"
  >
    Log out
  </button>
  <form
    className="search"
    onSubmit={[Function]}
  >
    <label
      htmlFor="search"
    >
      Search
    </label>
    <input
      name="search"
      onChange={[Function]}
      placeholder="Search"
      type="search"
      value="test"
    />
    <input
      type="submit"
      value="Search"
    />
  </form>
</div>
`;
