// Jest Snapshot v1, https://goo.gl/fbAQLP

exports[`FoodListEditingItem renders a food in a list being edited 1`] = `
<li
  className="editing-food-list-item"
>
  <button
    className="destroy-food-list-item"
    onClick={[Function]}
    type="button"
  >
    <test-file-stub />
  </button>
  <button
    className="edit-food-list-item all"
    onClick={[Function]}
    type="button"
  >
    beetroot, steamed
     - 
    50.00
    mg - 
    just under 1/2 cup
  </button>
</li>
`;
