// Jest Snapshot v1, https://goo.gl/fbAQLP

exports[`Index renders the home screen 1`] = `
<div>
  <div
    className="body"
  >
    <div>
      <h1
        className="title all"
      >
        All Foods
      </h1>
    </div>
    <div
      className="content"
    />
  </div>
  <ul
    className="list-menu"
  >
    <li
      className="list-menu-item active"
    >
      <button
        className="list-menu-item-content no-outline"
        onClick={[Function]}
        type="button"
      >
        <div
          className="list-menu-item-icon"
        >
          <svg
            height="25"
            width="21"
          >
            <rect
              fill="none"
              height="25"
              stroke="black"
              strokeWidth="3"
              width="21"
              x="0"
              y="0"
            />
            <line
              stroke="black"
              strokeWidth="2"
              x1="3"
              x2="18"
              y1="5"
              y2="5"
            />
            <line
              stroke="#e00"
              strokeWidth="2"
              x1="3"
              x2="18"
              y1="10"
              y2="10"
            />
            <line
              stroke="#fa0"
              strokeWidth="2"
              x1="3"
              x2="18"
              y1="15"
              y2="15"
            />
            <line
              stroke="green"
              strokeWidth="2"
              x1="3"
              x2="18"
              y1="20"
              y2="20"
            />
          </svg>
        </div>
        <p
          className="list-menu-item-text"
        >
          All
        </p>
      </button>
    </li>
    <li
      className="list-menu-item "
    >
      <button
        className="list-menu-item-content no-outline"
        onClick={[Function]}
        type="button"
      >
        <div
          className="list-menu-item-icon"
        >
          <svg
            height="25"
            width="21"
          >
            <rect
              fill="none"
              height="25"
              stroke="black"
              strokeWidth="3"
              width="21"
              x="0"
              y="0"
            />
            <line
              stroke="black"
              strokeWidth="2"
              x1="3"
              x2="18"
              y1="5"
              y2="5"
            />
            <line
              stroke="black"
              strokeWidth="2"
              x1="3"
              x2="18"
              y1="10"
              y2="10"
            />
            <line
              stroke="black"
              strokeWidth="2"
              x1="3"
              x2="18"
              y1="15"
              y2="15"
            />
            <line
              stroke="black"
              strokeWidth="2"
              x1="3"
              x2="18"
              y1="20"
              y2="20"
            />
          </svg>
        </div>
        <p
          className="list-menu-item-text"
        >
          Very High
        </p>
      </button>
    </li>
    <li
      className="list-menu-item "
    >
      <button
        className="list-menu-item-content no-outline"
        onClick={[Function]}
        type="button"
      >
        <div
          className="list-menu-item-icon"
        >
          <svg
            height="25"
            width="21"
          >
            <rect
              fill="none"
              height="25"
              stroke="black"
              strokeWidth="3"
              width="21"
              x="0"
              y="0"
            />
            <line
              stroke="#e00"
              strokeWidth="2"
              x1="3"
              x2="18"
              y1="5"
              y2="5"
            />
            <line
              stroke="#e00"
              strokeWidth="2"
              x1="3"
              x2="18"
              y1="10"
              y2="10"
            />
            <line
              stroke="#e00"
              strokeWidth="2"
              x1="3"
              x2="18"
              y1="15"
              y2="15"
            />
            <line
              stroke="#e00"
              strokeWidth="2"
              x1="3"
              x2="18"
              y1="20"
              y2="20"
            />
          </svg>
        </div>
        <p
          className="list-menu-item-text"
        >
          High
        </p>
      </button>
    </li>
    <li
      className="list-menu-item "
    >
      <button
        className="list-menu-item-content no-outline"
        onClick={[Function]}
        type="button"
      >
        <div
          className="list-menu-item-icon"
        >
          <svg
            height="25"
            width="21"
          >
            <rect
              fill="none"
              height="25"
              stroke="black"
              strokeWidth="3"
              width="21"
              x="0"
              y="0"
            />
            <line
              stroke="#fa0"
              strokeWidth="2"
              x1="3"
              x2="18"
              y1="5"
              y2="5"
            />
            <line
              stroke="#fa0"
              strokeWidth="2"
              x1="3"
              x2="18"
              y1="10"
              y2="10"
            />
            <line
              stroke="#fa0"
              strokeWidth="2"
              x1="3"
              x2="18"
              y1="15"
              y2="15"
            />
            <line
              stroke="#fa0"
              strokeWidth="2"
              x1="3"
              x2="18"
              y1="20"
              y2="20"
            />
          </svg>
        </div>
        <p
          className="list-menu-item-text"
        >
          Moderate
        </p>
      </button>
    </li>
    <li
      className="list-menu-item "
    >
      <button
        className="list-menu-item-content no-outline"
        onClick={[Function]}
        type="button"
      >
        <div
          className="list-menu-item-icon"
        >
          <svg
            height="25"
            width="21"
          >
            <rect
              fill="none"
              height="25"
              stroke="black"
              strokeWidth="3"
              width="21"
              x="0"
              y="0"
            />
            <line
              stroke="green"
              strokeWidth="2"
              x1="3"
              x2="18"
              y1="5"
              y2="5"
            />
            <line
              stroke="green"
              strokeWidth="2"
              x1="3"
              x2="18"
              y1="10"
              y2="10"
            />
            <line
              stroke="green"
              strokeWidth="2"
              x1="3"
              x2="18"
              y1="15"
              y2="15"
            />
            <line
              stroke="green"
              strokeWidth="2"
              x1="3"
              x2="18"
              y1="20"
              y2="20"
            />
          </svg>
        </div>
        <p
          className="list-menu-item-text"
        >
          Low
        </p>
      </button>
    </li>
  </ul>
</div>
`;
