// Jest Snapshot v1, https://goo.gl/fbAQLP

exports[`renders a list of all foods 1`] = `
<View
  style={
    Object {
      "backgroundColor": "#fff",
      "flex": 1,
    }
  }
>
  <RCTScrollView
    ItemSeparatorComponent={[Function]}
    ListHeaderComponent={
      <FoodListActions
        onFilter={[Function]}
      />
    }
    data={undefined}
    disableVirtualization={false}
    getItem={[Function]}
    getItemCount={[Function]}
    horizontal={false}
    initialNumToRender={10}
    keyExtractor={[Function]}
    maxToRenderPerBatch={10}
    numColumns={1}
    onContentSizeChange={[Function]}
    onEndReachedThreshold={2}
    onLayout={[Function]}
    onMomentumScrollEnd={[Function]}
    onScroll={[Function]}
    onScrollBeginDrag={[Function]}
    onScrollEndDrag={[Function]}
    renderItem={[Function]}
    scrollEventThrottle={50}
    stickyHeaderIndices={Array []}
    updateCellsBatchingPeriod={50}
    viewabilityConfigCallbackPairs={Array []}
    windowSize={21}
  >
    <View>
      <View
        onLayout={[Function]}
        style={null}
      >
        <View
          style={
            Object {
              "backgroundColor": "#d8d8d8",
              "flexDirection": "row",
              "height": 48,
              "justifyContent": "space-between",
            }
          }
        >
          <View
            style={
              Object {
                "borderRadius": 8,
                "flex": 1,
                "margin": 8,
                "overflow": "hidden",
              }
            }
          >
            <TextInput
              allowFontScaling={true}
              autoCapitalize="none"
              clearButtonMode="always"
              onChangeText={[Function]}
              placeholder="Filter"
              returnKeyType="search"
              style={
                Object {
                  "backgroundColor": "#fff",
                  "fontSize": 16,
                  "padding": 8,
                }
              }
            />
          </View>
        </View>
      </View>
    </View>
  </RCTScrollView>
</View>
`;

exports[`renders a list of foods 1`] = `
<View
  style={
    Object {
      "backgroundColor": "#fff",
      "flex": 1,
    }
  }
>
  <RCTScrollView
    ItemSeparatorComponent={[Function]}
    ListHeaderComponent={
      <FoodListActions
        onFilter={[Function]}
      />
    }
    data={undefined}
    disableVirtualization={false}
    getItem={[Function]}
    getItemCount={[Function]}
    horizontal={false}
    initialNumToRender={10}
    keyExtractor={[Function]}
    maxToRenderPerBatch={10}
    numColumns={1}
    onContentSizeChange={[Function]}
    onEndReachedThreshold={2}
    onLayout={[Function]}
    onMomentumScrollEnd={[Function]}
    onScroll={[Function]}
    onScrollBeginDrag={[Function]}
    onScrollEndDrag={[Function]}
    renderItem={[Function]}
    scrollEventThrottle={50}
    stickyHeaderIndices={Array []}
    updateCellsBatchingPeriod={50}
    viewabilityConfigCallbackPairs={Array []}
    windowSize={21}
  >
    <View>
      <View
        onLayout={[Function]}
        style={null}
      >
        <View
          style={
            Object {
              "backgroundColor": "#d8d8d8",
              "flexDirection": "row",
              "height": 48,
              "justifyContent": "space-between",
            }
          }
        >
          <View
            style={
              Object {
                "borderRadius": 8,
                "flex": 1,
                "margin": 8,
                "overflow": "hidden",
              }
            }
          >
            <TextInput
              allowFontScaling={true}
              autoCapitalize="none"
              clearButtonMode="always"
              onChangeText={[Function]}
              placeholder="Filter"
              returnKeyType="search"
              style={
                Object {
                  "backgroundColor": "#fff",
                  "fontSize": 16,
                  "padding": 8,
                }
              }
            />
          </View>
        </View>
      </View>
    </View>
  </RCTScrollView>
</View>
`;
